Training Enformer model
Starting distributed training using '/home/lukezeng/chromatin-state-prediction/sample/binned_dataframe_enformer/train_shards'...
Computing class weights from dataset...
Computing class weights from dataset...
Computing class weights from dataset...
Computing class weights from dataset...
Computed class weights: tensor([4.9079e-01, 3.6471e+00, 2.4216e-01, 2.5659e-01, 1.5979e-02, 1.5975e-02,
        2.4998e-01, 1.4336e+00, 2.2534e-01, 1.0285e+01, 2.7438e-02, 6.4654e-02,
        3.0592e-02, 3.9714e-01, 5.6624e-01, 3.4207e-02, 1.5507e-02, 1.8380e-03],
Epoch 0 | Step 0 | Loss: 0.2956
Epoch 0 | Step 10 | Loss: 2.8657
Epoch 0 | Step 20 | Loss: 2.7874
Epoch 0 | Step 30 | Loss: 2.7103
Epoch 0 | Step 40 | Loss: 2.6670
Epoch 0 | Step 50 | Loss: 2.5932
Epoch 0 | Step 60 | Loss: 2.4777
Epoch 0 | Step 70 | Loss: 2.4350
Epoch 0 | Step 80 | Loss: 2.5264
Epoch 0 | Step 90 | Loss: 2.3372
Epoch 0 | Step 100 | Loss: 2.1910
Epoch 0 | Step 110 | Loss: 2.1565
Epoch 0 | Step 120 | Loss: 2.0788
Epoch 0 | Step 130 | Loss: 2.0806
Epoch 0 | Step 140 | Loss: 2.0414
Epoch 0 | Step 150 | Loss: 1.9088
Epoch 0 | Step 160 | Loss: 1.7222
Epoch 0 | Step 170 | Loss: 1.6532
Epoch 0 | Step 180 | Loss: 1.7569
Epoch 0 | Step 190 | Loss: 1.8470
Epoch 0 | Step 200 | Loss: 1.6249
Epoch 0 | Step 210 | Loss: 1.7091
Epoch 0 | Step 220 | Loss: 1.2575
Epoch 0 | Step 230 | Loss: 1.4078
Epoch 0 | Step 240 | Loss: 1.2879
Epoch 0 | Step 250 | Loss: 1.3849
Epoch 0 | Step 260 | Loss: 1.2949
Epoch 0 | Step 270 | Loss: 1.1798
Epoch 0 | Step 280 | Loss: 1.2487
Epoch 0 | Step 290 | Loss: 1.2032
Epoch 0 | Step 300 | Loss: 1.3079
Epoch 0 | Step 310 | Loss: 1.4125
Epoch 0 | Step 320 | Loss: 1.2599
Epoch 0 | Step 330 | Loss: 1.1136
Epoch 0 | Step 340 | Loss: 1.2637
Epoch 0 | Step 350 | Loss: 1.1511
Epoch 0 | Step 360 | Loss: 1.1758
Epoch 0 | Step 370 | Loss: 1.1357
Epoch 0 | Step 380 | Loss: 1.2041
Epoch 0 | Step 390 | Loss: 1.1615
Epoch 0 | Step 400 | Loss: 1.0916
Epoch 0 | Step 410 | Loss: 1.2086
Epoch 0 | Step 420 | Loss: 1.1872
Epoch 0 | Step 430 | Loss: 1.1346
Epoch 0 | Step 440 | Loss: 1.2252
Epoch 0 | Step 450 | Loss: 1.2922
Epoch 0 | Step 460 | Loss: 0.9743
Epoch 0 | Step 470 | Loss: 1.1041
Epoch 0 | Step 480 | Loss: 0.9957
Epoch 0 | Step 490 | Loss: 1.1423
Epoch 0 | Step 500 | Loss: 1.3582
Epoch 0 | Step 510 | Loss: 1.0006
Epoch 0 | Step 520 | Loss: 1.0593
Epoch 0 | Step 530 | Loss: 1.0734
Epoch 0 | Step 540 | Loss: 1.2904
Epoch 0 | Step 550 | Loss: 1.0453
Epoch 0 | Step 560 | Loss: 1.0161
Epoch 0 | Step 570 | Loss: 1.0630
Epoch 0 | Step 580 | Loss: 1.3194
Epoch 0 | Step 590 | Loss: 1.0966
Epoch 0 | Step 600 | Loss: 1.0127
Epoch 0 | Step 610 | Loss: 1.0127
Epoch 0 | Step 620 | Loss: 1.0178
Epoch 0 | Step 630 | Loss: 1.0817
Epoch 0 | Step 640 | Loss: 1.0125
Epoch 0 | Step 650 | Loss: 0.8723
Epoch 0 | Step 660 | Loss: 1.0553
Epoch 0 | Step 670 | Loss: 0.8010
Epoch 0 | Step 680 | Loss: 1.0961
Epoch 0 | Step 690 | Loss: 1.0086
Epoch 0 | Step 700 | Loss: 1.0260
Epoch 0 | Step 710 | Loss: 0.9400
Epoch 0 | Step 720 | Loss: 1.0515
Epoch 0 | Step 730 | Loss: 1.0101
Epoch 0 | Step 740 | Loss: 0.8901
Epoch 0 | Step 750 | Loss: 1.0577
Epoch 0 | Step 760 | Loss: 0.9166
Epoch 0 | Step 770 | Loss: 0.9774
Epoch 0 | Step 780 | Loss: 0.8897
Epoch 0 | Step 790 | Loss: 0.8042
Epoch 0 | Step 800 | Loss: 0.8640
Epoch 0 | Step 810 | Loss: 0.9287
Epoch 0 | Step 820 | Loss: 0.8399
Epoch 0 | Step 830 | Loss: 1.0717
Epoch 0 | Step 840 | Loss: 0.8644
Epoch 0 | Step 850 | Loss: 0.9113
Epoch 0 | Step 860 | Loss: 0.9250
Epoch 0 | Step 870 | Loss: 0.9171
Epoch 0 | Step 880 | Loss: 0.9941
Epoch 0 | Step 890 | Loss: 0.8798
Epoch 0 | Step 900 | Loss: 0.9282
Epoch 0 | Step 910 | Loss: 1.1048
Epoch 0 | Step 920 | Loss: 0.9572
Epoch 0 | Step 930 | Loss: 0.9762
Epoch 0 | Step 940 | Loss: 0.9798
Epoch 0 | Step 950 | Loss: 1.0539
Epoch 0 | Step 960 | Loss: 0.7831
Epoch 0 | Step 970 | Loss: 1.0808
Epoch 0 | Step 980 | Loss: 0.9002
Epoch 0 | Step 990 | Loss: 0.7806
Epoch 0 | Step 1000 | Loss: 0.7727
Saving checkpoint to /home/lukezeng/chromatin-state-prediction/playground/checkpoints/enformer_step_1000.pt...
Warning: The cache directory for DeepSpeed Triton autotune, /home/lukezeng/.triton/autotune, appears to be on an NFS system. While this is generally acceptable, if you experience slowdowns or hanging when DeepSpeed exits, it is recommended to set the TRITON_CACHE_DIR environment variable to a non-NFS path.
Epoch 0 | Step 1010 | Loss: 1.0511
Epoch 0 | Step 1020 | Loss: 0.9375
Epoch 0 | Step 1030 | Loss: 0.9405
Epoch 0 | Step 1040 | Loss: 0.9318
Epoch 0 | Step 1050 | Loss: 0.9008
Epoch 0 | Step 1060 | Loss: 0.7554
Epoch 0 | Step 1070 | Loss: 0.9548
Epoch 0 | Step 1080 | Loss: 1.1391
Epoch 0 | Step 1090 | Loss: 0.8407
Epoch 0 | Step 1100 | Loss: 0.8657
Epoch 0 | Step 1110 | Loss: 0.8807
Epoch 0 | Step 1120 | Loss: 1.2602
Epoch 0 | Step 1130 | Loss: 0.9440
Epoch 0 | Step 1140 | Loss: 0.8236
Epoch 0 | Step 1150 | Loss: 0.8624
Epoch 0 | Step 1160 | Loss: 0.8998
Epoch 0 | Step 1170 | Loss: 0.7876
Epoch 0 | Step 1180 | Loss: 0.6353
Epoch 0 | Step 1190 | Loss: 0.8000
Epoch 0 | Step 1200 | Loss: 0.9605
Epoch 0 | Step 1210 | Loss: 0.7785
Epoch 0 | Step 1220 | Loss: 0.8388
Epoch 0 | Step 1230 | Loss: 1.0258
Epoch 0 | Step 1240 | Loss: 1.2729
Epoch 0 | Step 1250 | Loss: 0.8946
Epoch 0 | Step 1260 | Loss: 0.9089
Epoch 0 | Step 1270 | Loss: 0.7866
Epoch 0 | Step 1280 | Loss: 0.8133
Epoch 0 | Step 1290 | Loss: 0.7893
Epoch 0 | Step 1300 | Loss: 0.8669
Epoch 0 | Step 1310 | Loss: 1.0555
Epoch 0 | Step 1320 | Loss: 0.9402
Epoch 0 | Step 1330 | Loss: 0.8884
Epoch 0 | Step 1340 | Loss: 0.8937
Epoch 0 | Step 1350 | Loss: 0.9784
Epoch 0 | Step 1360 | Loss: 0.8433
Epoch 0 | Step 1370 | Loss: 0.8693
Epoch 0 | Step 1380 | Loss: 1.0648
Epoch 0 | Step 1390 | Loss: 1.0808
Epoch 0 | Step 1400 | Loss: 0.9026
Epoch 0 | Step 1410 | Loss: 1.0336
Epoch 0 | Step 1420 | Loss: 0.9471
Epoch 0 | Step 1430 | Loss: 0.9584
Epoch 0 | Step 1440 | Loss: 0.8607
Epoch 0 | Step 1450 | Loss: 0.9370
Epoch 0 | Step 1460 | Loss: 0.8178
Epoch 0 | Step 1470 | Loss: 0.7610
Epoch 0 | Step 1480 | Loss: 0.8476
Epoch 0 | Step 1490 | Loss: 0.9438
Epoch 0 | Step 1500 | Loss: 1.2129
Epoch 0 | Step 1510 | Loss: 1.0213
Epoch 0 | Step 1520 | Loss: 1.1788
Epoch 0 | Step 1530 | Loss: 0.9587
Epoch 0 | Step 1540 | Loss: 0.9880
Epoch 0 | Step 1550 | Loss: 0.9676
Epoch 0 | Step 1560 | Loss: 0.9751
Epoch 0 | Step 1570 | Loss: 0.8949
Epoch 0 | Step 1580 | Loss: 0.8434
Epoch 0 | Step 1590 | Loss: 0.9886
Epoch 0 | Step 1600 | Loss: 0.9130
Epoch 0 | Step 1610 | Loss: 0.9283
Epoch 0 | Step 1620 | Loss: 0.9067
Epoch 0 | Step 1630 | Loss: 1.1084
Epoch 0 | Step 1640 | Loss: 0.7347
Epoch 0 | Step 1650 | Loss: 0.9154
Epoch 0 | Step 1660 | Loss: 0.9203
Epoch 0 | Step 1670 | Loss: 0.8122
Epoch 0 | Step 1680 | Loss: 0.8472
Epoch 0 | Step 1690 | Loss: 0.8455
Epoch 0 | Step 1700 | Loss: 0.8745
Epoch 0 | Step 1710 | Loss: 0.8199
Epoch 0 | Step 1720 | Loss: 0.7575
Epoch 0 | Step 1730 | Loss: 0.7779
Epoch 0 | Step 1740 | Loss: 0.7676
Epoch 0 | Step 1750 | Loss: 1.3952
Epoch 0 | Step 1760 | Loss: 1.0762
Epoch 0 | Step 1770 | Loss: 1.3289
Epoch 0 | Step 1780 | Loss: 0.9412
Epoch 0 | Step 1790 | Loss: 0.8263
Epoch 0 | Step 1800 | Loss: 0.7810
Epoch 0 | Step 1810 | Loss: 0.8993
Epoch 0 | Step 1820 | Loss: 0.8137
Epoch 0 | Step 1830 | Loss: 0.8196
Epoch 0 | Step 1840 | Loss: 0.9065
Epoch 0 | Step 1850 | Loss: 0.8045
Epoch 0 | Step 1860 | Loss: 0.9479
Epoch 0 | Step 1870 | Loss: 0.8959
Epoch 0 | Step 1880 | Loss: 0.7186
Epoch 0 | Step 1890 | Loss: 0.8078
Epoch 0 | Step 1900 | Loss: 0.6966
Epoch 0 | Step 1910 | Loss: 0.8238
Epoch 0 | Step 1920 | Loss: 0.8448
Epoch 0 | Step 1930 | Loss: 0.7968
Epoch 0 | Step 1940 | Loss: 0.6920
Epoch 0 | Step 1950 | Loss: 0.8282
Epoch 0 | Step 1960 | Loss: 0.6733
Epoch 0 | Step 1970 | Loss: 0.8542
Epoch 0 | Step 1980 | Loss: 0.7636
Epoch 0 | Step 1990 | Loss: 0.9231
Epoch 0 | Step 2000 | Loss: 0.6542
Saving checkpoint to /home/lukezeng/chromatin-state-prediction/playground/checkpoints/enformer_step_2000.pt...
Epoch 0 | Step 2010 | Loss: 0.7282
Epoch 0 | Step 2020 | Loss: 0.7836
Epoch 0 | Step 2030 | Loss: 0.9382
Epoch 0 | Step 2040 | Loss: 0.7852
Epoch 0 | Step 2050 | Loss: 0.6845
Epoch 0 | Step 2060 | Loss: 0.6249
Epoch 0 | Step 2070 | Loss: 0.7055
Epoch 0 | Step 2080 | Loss: 0.7855
Epoch 0 | Step 2090 | Loss: 0.7538
Epoch 0 | Step 2100 | Loss: 0.7397
Epoch 0 | Step 2110 | Loss: 0.7961
Epoch 0 | Step 2120 | Loss: 1.0078
Epoch 0 | Step 2130 | Loss: 0.8748
Epoch 0 | Step 2140 | Loss: 0.9323
Epoch 0 | Step 2150 | Loss: 0.8901
Epoch 0 | Step 2160 | Loss: 1.0051
Epoch 0 | Step 2170 | Loss: 0.9557
Epoch 0 | Step 2180 | Loss: 0.8873
Epoch 0 | Step 2190 | Loss: 0.6420
Epoch 0 | Step 2200 | Loss: 0.7545
Epoch 0 | Step 2210 | Loss: 0.9041
Epoch 0 | Step 2220 | Loss: 1.1816
Epoch 0 | Step 2230 | Loss: 0.8914
Epoch 0 | Step 2240 | Loss: 0.8814
Epoch 0 | Step 2250 | Loss: 0.8432
Epoch 0 | Step 2260 | Loss: 0.9020
Epoch 0 | Step 2270 | Loss: 0.8214
Epoch 0 | Step 2280 | Loss: 0.8834
Epoch 0 | Step 2290 | Loss: 0.9532
Epoch 0 | Step 2300 | Loss: 0.8212
Epoch 0 | Step 2310 | Loss: 0.7796
Epoch 0 | Step 2320 | Loss: 0.9200
Epoch 0 | Step 2330 | Loss: 0.9011
Epoch 0 | Step 2340 | Loss: 0.9325
Epoch 0 | Step 2350 | Loss: 0.7053
Epoch 0 | Step 2360 | Loss: 0.6958
Epoch 0 | Step 2370 | Loss: 0.8062
Epoch 0 | Step 2380 | Loss: 0.7325
Epoch 0 | Step 2390 | Loss: 1.2599
Epoch 0 | Step 2400 | Loss: 0.7905
Epoch 0 | Step 2410 | Loss: 0.7099
Epoch 0 | Step 2420 | Loss: 0.9466
Epoch 0 | Step 2430 | Loss: 0.6577
Epoch 0 | Step 2440 | Loss: 0.6106
Epoch 0 | Step 2450 | Loss: 0.6545
Epoch 0 | Step 2460 | Loss: 0.8483
Epoch 0 | Step 2470 | Loss: 0.6475
Epoch 0 | Step 2480 | Loss: 0.8019
Epoch 0 | Step 2490 | Loss: 0.6007
Epoch 0 | Step 2500 | Loss: 0.7057
Epoch 0 | Step 2510 | Loss: 0.7113
Epoch 0 | Step 2520 | Loss: 0.6974
Epoch 0 | Step 2530 | Loss: 0.9103
Epoch 0 | Step 2540 | Loss: 0.5809
Epoch 0 | Step 2550 | Loss: 0.7568
Epoch 0 | Step 2560 | Loss: 0.7417
Epoch 0 | Step 2570 | Loss: 0.6643
Epoch 0 | Step 2580 | Loss: 0.7087
Epoch 0 | Step 2590 | Loss: 0.7225
Epoch 0 | Step 2600 | Loss: 0.7480
Epoch 0 | Step 2610 | Loss: 0.7803
Epoch 0 | Step 2620 | Loss: 0.7896
Epoch 0 | Step 2630 | Loss: 0.7709
Epoch 0 | Step 2640 | Loss: 0.8104
Epoch 0 | Step 2650 | Loss: 0.6751
Epoch 0 | Step 2660 | Loss: 0.7417
Epoch 0 | Step 2670 | Loss: 0.9222
Epoch 0 | Step 2680 | Loss: 0.7993
Epoch 0 | Step 2690 | Loss: 0.6801
Epoch 0 | Step 2700 | Loss: 0.7198
Epoch 0 | Step 2710 | Loss: 0.7785
Epoch 0 | Step 2720 | Loss: 0.7467
Epoch 0 | Step 2730 | Loss: 0.5780
Epoch 0 | Step 2740 | Loss: 0.7543
Epoch 0 | Step 2750 | Loss: 0.7257
Epoch 0 | Step 2760 | Loss: 0.7491
Epoch 0 | Step 2770 | Loss: 0.6072
Epoch 0 | Step 2780 | Loss: 0.7189
Epoch 0 | Step 2790 | Loss: 0.6470
Epoch 0 | Step 2800 | Loss: 0.7572
Epoch 0 | Step 2810 | Loss: 0.6419
Epoch 0 | Step 2820 | Loss: 0.7032
Epoch 0 | Step 2830 | Loss: 0.5423
Epoch 0 | Step 2840 | Loss: 0.6222
Epoch 0 | Step 2850 | Loss: 0.6450
Epoch 0 | Step 2860 | Loss: 0.8087
Epoch 0 | Step 2870 | Loss: 0.6552
Epoch 0 | Step 2880 | Loss: 0.7047
Epoch 0 | Step 2890 | Loss: 0.5785
Epoch 0 | Step 2900 | Loss: 0.6207
Epoch 0 | Step 2910 | Loss: 0.5813
Epoch 0 | Step 2920 | Loss: 0.5578
Epoch 0 | Step 2930 | Loss: 0.8014
Epoch 0 | Step 2940 | Loss: 0.5487
Epoch 0 | Step 2950 | Loss: 0.9109
Epoch 0 | Step 2960 | Loss: 0.7020
Epoch 0 | Step 2970 | Loss: 0.9974
Epoch 0 | Step 2980 | Loss: 0.8461
Epoch 0 | Step 2990 | Loss: 0.8707
Epoch 0 | Step 3000 | Loss: 0.7850
Saving checkpoint to /home/lukezeng/chromatin-state-prediction/playground/checkpoints/enformer_step_3000.pt...
Epoch 0 | Step 3010 | Loss: 0.7363
Epoch 0 | Step 3020 | Loss: 0.8949
Epoch 0 | Step 3030 | Loss: 0.6980
Epoch 0 | Step 3040 | Loss: 0.7446
Epoch 0 | Step 3050 | Loss: 0.6412
Epoch 0 | Step 3060 | Loss: 0.7919
Epoch 0 | Step 3070 | Loss: 0.7093
Epoch 0 | Step 3080 | Loss: 0.6546
Epoch 0 | Step 3090 | Loss: 0.6921
Epoch 0 | Step 3100 | Loss: 0.7035
Epoch 0 | Step 3110 | Loss: 0.7174
Epoch 0 | Step 3120 | Loss: 0.6863
Epoch 0 | Step 3130 | Loss: 0.6891
Epoch 0 | Step 3140 | Loss: 0.7507
Epoch 0 | Step 3150 | Loss: 0.6480
Epoch 0 | Step 3160 | Loss: 0.6163
Epoch 0 | Step 3170 | Loss: 0.8007
Epoch 0 | Step 3180 | Loss: 0.6113
Epoch 0 | Step 3190 | Loss: 0.7754
Epoch 0 | Step 3200 | Loss: 0.6295
Epoch 0 | Step 3210 | Loss: 0.7275
Epoch 0 | Step 3220 | Loss: 0.7958
Epoch 0 | Step 3230 | Loss: 0.6869
Epoch 0 | Step 3240 | Loss: 0.6374
Epoch 0 | Step 3250 | Loss: 0.7332
Epoch 0 | Step 3260 | Loss: 0.9116
Epoch 0 | Step 3270 | Loss: 0.6382
Epoch 0 | Step 3280 | Loss: 0.6115
Epoch 0 | Step 3290 | Loss: 0.7182
Epoch 0 | Step 3300 | Loss: 0.8388
Epoch 0 | Step 3310 | Loss: 0.6117
Epoch 0 | Step 3320 | Loss: 0.6689
Epoch 0 | Step 3330 | Loss: 0.5655
Epoch 0 | Step 3340 | Loss: 0.8423
Epoch 0 | Step 3350 | Loss: 0.7474
Epoch 0 | Step 3360 | Loss: 0.6126
Epoch 0 | Step 3370 | Loss: 0.7074
Epoch 0 | Step 3380 | Loss: 0.7346
Epoch 0 | Step 3390 | Loss: 0.7473
Epoch 0 | Step 3400 | Loss: 0.7579
Epoch 0 | Step 3410 | Loss: 0.6864
Epoch 0 | Step 3420 | Loss: 0.8133
Epoch 0 | Step 3430 | Loss: 0.7272
Epoch 0 | Step 3440 | Loss: 0.6854
Epoch 0 | Step 3450 | Loss: 0.7263
Epoch 0 | Step 3460 | Loss: 0.6521
Epoch 0 | Step 3470 | Loss: 0.6929
Epoch 0 | Step 3480 | Loss: 0.8319
Epoch 0 | Step 3490 | Loss: 0.7439
Epoch 0 | Step 3500 | Loss: 0.7448
Epoch 0 | Step 3510 | Loss: 0.6084
Epoch 0 | Step 3520 | Loss: 0.6962
Epoch 0 | Step 3530 | Loss: 0.5716
Epoch 0 | Step 3540 | Loss: 0.8730
Epoch 0 | Step 3550 | Loss: 0.7803
Epoch 0 | Step 3560 | Loss: 0.8801
Epoch 0 | Step 3570 | Loss: 0.7696
Epoch 0 | Step 3580 | Loss: 0.6512
Epoch 0 | Step 3590 | Loss: 0.6952
Epoch 0 | Step 3600 | Loss: 0.7545
Epoch 0 | Step 3610 | Loss: 0.6948
Epoch 0 | Step 3620 | Loss: 0.6392
Epoch 0 | Step 3630 | Loss: 0.6911
Epoch 0 | Step 3640 | Loss: 0.8978
Epoch 0 | Step 3650 | Loss: 0.6989
Epoch 0 | Step 3660 | Loss: 0.7772
Epoch 0 | Step 3670 | Loss: 0.8037
Epoch 0 | Step 3680 | Loss: 0.6814
Epoch 0 | Step 3690 | Loss: 0.6078
Epoch 0 | Step 3700 | Loss: 0.6665
Epoch 0 | Step 3710 | Loss: 0.6424
Epoch 0 | Step 3720 | Loss: 0.6103
Epoch 0 | Step 3730 | Loss: 0.8802
Epoch 0 | Step 3740 | Loss: 0.6619
Epoch 0 | Step 3750 | Loss: 0.8422
Epoch 0 | Step 3760 | Loss: 0.6709
Epoch 0 | Step 3770 | Loss: 0.6103
Epoch 0 | Step 3780 | Loss: 0.6351
Epoch 0 | Step 3790 | Loss: 0.7542
Epoch 0 | Step 3800 | Loss: 0.6653
Epoch 0 | Step 3810 | Loss: 0.5971
Epoch 0 | Step 3820 | Loss: 0.8044
Epoch 0 | Step 3830 | Loss: 0.8517
Epoch 0 | Step 3840 | Loss: 0.8315
Epoch 0 | Step 3850 | Loss: 0.6570
Epoch 0 | Step 3860 | Loss: 0.7015
Epoch 0 | Step 3870 | Loss: 0.5965
Epoch 0 | Step 3880 | Loss: 0.7526
Epoch 0 | Step 3890 | Loss: 0.7358
Epoch 0 | Step 3900 | Loss: 0.9595
Epoch 0 | Step 3910 | Loss: 1.0376
Epoch 0 | Step 3920 | Loss: 0.8913
Epoch 0 | Step 3930 | Loss: 0.7492
Epoch 0 | Step 3940 | Loss: 0.8087
Epoch 0 | Step 3950 | Loss: 0.7548
Epoch 0 | Step 3960 | Loss: 0.6693
Epoch 0 | Step 3970 | Loss: 0.6396
Epoch 0 | Step 3980 | Loss: 0.6052
Epoch 0 | Step 3990 | Loss: 0.7915
Epoch 0 | Step 4000 | Loss: 0.6102
Saving checkpoint to /home/lukezeng/chromatin-state-prediction/playground/checkpoints/enformer_step_4000.pt...
Deleted old checkpoint: enformer_step_1000.pt
Epoch 0 | Step 4010 | Loss: 0.6172
Epoch 0 | Step 4020 | Loss: 0.6703
Epoch 0 | Step 4030 | Loss: 0.6448
Epoch 0 | Step 4040 | Loss: 0.7032
Epoch 0 | Step 4050 | Loss: 0.7509
Epoch 0 | Step 4060 | Loss: 1.0672
Epoch 0 | Step 4070 | Loss: 0.6896
Epoch 0 | Step 4080 | Loss: 0.7018
Epoch 0 | Step 4090 | Loss: 0.9172
Epoch 0 | Step 4100 | Loss: 1.0971
Epoch 0 | Step 4110 | Loss: 0.7768
Epoch 0 | Step 4120 | Loss: 0.7799
Epoch 0 | Step 4130 | Loss: 0.8606
Epoch 0 | Step 4140 | Loss: 0.8028
Epoch 0 | Step 4150 | Loss: 0.6740
Epoch 0 | Step 4160 | Loss: 0.7218
Epoch 0 | Step 4170 | Loss: 0.7471
Epoch 0 | Step 4180 | Loss: 0.8197
Epoch 0 | Step 4190 | Loss: 0.6903
Epoch 0 | Step 4200 | Loss: 0.8251
Epoch 0 | Step 4210 | Loss: 0.6871
Epoch 0 | Step 4220 | Loss: 0.7262
Epoch 0 | Step 4230 | Loss: 0.7947
Epoch 0 | Step 4240 | Loss: 0.8035
Epoch 0 | Step 4250 | Loss: 0.7355
--- Epoch 0 Validation Loss: 1.6333 ---
Epoch 1 | Step 4260 | Loss: 0.7127
Epoch 1 | Step 4270 | Loss: 0.8128
Epoch 1 | Step 4280 | Loss: 0.6453
Epoch 1 | Step 4290 | Loss: 0.7770
Epoch 1 | Step 4300 | Loss: 0.6770
Epoch 1 | Step 4310 | Loss: 0.7139
Epoch 1 | Step 4320 | Loss: 0.7470
Epoch 1 | Step 4330 | Loss: 0.8049
Epoch 1 | Step 4340 | Loss: 0.6914
Epoch 1 | Step 4350 | Loss: 0.7239
Epoch 1 | Step 4360 | Loss: 0.6550
Epoch 1 | Step 4370 | Loss: 0.7754
Epoch 1 | Step 4380 | Loss: 0.7435
Epoch 1 | Step 4390 | Loss: 0.8201
Epoch 1 | Step 4400 | Loss: 0.6606
Epoch 1 | Step 4410 | Loss: 0.6705
Epoch 1 | Step 4420 | Loss: 0.6789
Epoch 1 | Step 4430 | Loss: 0.6678
Epoch 1 | Step 4440 | Loss: 0.7043
Epoch 1 | Step 4450 | Loss: 0.6664
Epoch 1 | Step 4460 | Loss: 0.5446
Epoch 1 | Step 4470 | Loss: 0.5800
Epoch 1 | Step 4480 | Loss: 0.6209
Epoch 1 | Step 4490 | Loss: 0.5964
Epoch 1 | Step 4500 | Loss: 0.5608
Epoch 1 | Step 4510 | Loss: 0.6465
Epoch 1 | Step 4520 | Loss: 0.6369
Epoch 1 | Step 4530 | Loss: 0.6535
Epoch 1 | Step 4540 | Loss: 0.6349
Epoch 1 | Step 4550 | Loss: 0.8103
Epoch 1 | Step 4560 | Loss: 0.7419
Epoch 1 | Step 4570 | Loss: 0.6701
Epoch 1 | Step 4580 | Loss: 0.5833
Epoch 1 | Step 4590 | Loss: 0.6363
Epoch 1 | Step 4600 | Loss: 0.6157
Epoch 1 | Step 4610 | Loss: 0.6109
Epoch 1 | Step 4620 | Loss: 0.6272
Epoch 1 | Step 4630 | Loss: 0.7212
Epoch 1 | Step 4640 | Loss: 0.6279
Epoch 1 | Step 4650 | Loss: 0.5897
Epoch 1 | Step 4660 | Loss: 0.6716
Epoch 1 | Step 4670 | Loss: 0.9645
Epoch 1 | Step 4680 | Loss: 0.6627
Epoch 1 | Step 4690 | Loss: 0.6321
Epoch 1 | Step 4700 | Loss: 0.9576
Epoch 1 | Step 4710 | Loss: 0.6189
Epoch 1 | Step 4720 | Loss: 0.5852
Epoch 1 | Step 4730 | Loss: 0.6388
Epoch 1 | Step 4740 | Loss: 0.6523
Epoch 1 | Step 4750 | Loss: 0.7568
Epoch 1 | Step 4760 | Loss: 0.7838
Epoch 1 | Step 4770 | Loss: 0.6969
Epoch 1 | Step 4780 | Loss: 0.7027
Epoch 1 | Step 4790 | Loss: 0.7551
Epoch 1 | Step 4800 | Loss: 0.5673
Epoch 1 | Step 4810 | Loss: 0.6396
Epoch 1 | Step 4820 | Loss: 0.6724
Epoch 1 | Step 4830 | Loss: 0.7958
Epoch 1 | Step 4840 | Loss: 0.7071
Epoch 1 | Step 4850 | Loss: 0.6628
Epoch 1 | Step 4860 | Loss: 0.6180
Epoch 1 | Step 4870 | Loss: 0.7179
Epoch 1 | Step 4880 | Loss: 0.6816
Epoch 1 | Step 4890 | Loss: 0.5479
Epoch 1 | Step 4900 | Loss: 0.5445
Epoch 1 | Step 4910 | Loss: 0.6937
Epoch 1 | Step 4920 | Loss: 0.5240
Epoch 1 | Step 4930 | Loss: 0.6683
Epoch 1 | Step 4940 | Loss: 0.6835
Epoch 1 | Step 4950 | Loss: 0.6095
Epoch 1 | Step 4960 | Loss: 0.6910
Epoch 1 | Step 4970 | Loss: 0.6727
Epoch 1 | Step 4980 | Loss: 0.5831
Epoch 1 | Step 4990 | Loss: 0.5750
Epoch 1 | Step 5000 | Loss: 0.6223
Saving checkpoint to /home/lukezeng/chromatin-state-prediction/playground/checkpoints/enformer_step_5000.pt...
Deleted old checkpoint: enformer_step_2000.pt
Epoch 1 | Step 5010 | Loss: 0.6267
Epoch 1 | Step 5020 | Loss: 0.5795
Epoch 1 | Step 5030 | Loss: 0.5551
Epoch 1 | Step 5040 | Loss: 0.6055
Epoch 1 | Step 5050 | Loss: 0.5573
Epoch 1 | Step 5060 | Loss: 0.6178
Epoch 1 | Step 5070 | Loss: 0.6538
Epoch 1 | Step 5080 | Loss: 0.6508
Epoch 1 | Step 5090 | Loss: 0.6420
Epoch 1 | Step 5100 | Loss: 0.4854
Epoch 1 | Step 5110 | Loss: 0.5628
Epoch 1 | Step 5120 | Loss: 0.5618
Epoch 1 | Step 5130 | Loss: 0.6707
Epoch 1 | Step 5140 | Loss: 0.6771
Epoch 1 | Step 5150 | Loss: 0.6769
Epoch 1 | Step 5160 | Loss: 0.6769
Epoch 1 | Step 5170 | Loss: 0.7087
Epoch 1 | Step 5180 | Loss: 0.6033
Epoch 1 | Step 5190 | Loss: 0.6674
Epoch 1 | Step 5200 | Loss: 0.6821
Epoch 1 | Step 5210 | Loss: 0.5768
Epoch 1 | Step 5220 | Loss: 0.8269
Epoch 1 | Step 5230 | Loss: 0.7042
Epoch 1 | Step 5240 | Loss: 0.5363
Epoch 1 | Step 5250 | Loss: 0.5076
Epoch 1 | Step 5260 | Loss: 0.6141
Epoch 1 | Step 5270 | Loss: 0.6143
Epoch 1 | Step 5280 | Loss: 0.5972
Epoch 1 | Step 5290 | Loss: 0.6471
Epoch 1 | Step 5300 | Loss: 0.5862
Epoch 1 | Step 5310 | Loss: 0.4946
Epoch 1 | Step 5320 | Loss: 0.6303
Epoch 1 | Step 5330 | Loss: 0.7325
Epoch 1 | Step 5340 | Loss: 0.5463
Epoch 1 | Step 5350 | Loss: 0.5958
Epoch 1 | Step 5360 | Loss: 0.6014
Epoch 1 | Step 5370 | Loss: 0.7495
Epoch 1 | Step 5380 | Loss: 0.6719
Epoch 1 | Step 5390 | Loss: 0.5763
Epoch 1 | Step 5400 | Loss: 0.5612
Epoch 1 | Step 5410 | Loss: 0.6533
Epoch 1 | Step 5420 | Loss: 0.5485
Epoch 1 | Step 5430 | Loss: 0.4694
Epoch 1 | Step 5440 | Loss: 0.5763
Epoch 1 | Step 5450 | Loss: 0.6988
Epoch 1 | Step 5460 | Loss: 0.5054
Epoch 1 | Step 5470 | Loss: 0.5688
Epoch 1 | Step 5480 | Loss: 0.6317
Epoch 1 | Step 5490 | Loss: 0.7091
Epoch 1 | Step 5500 | Loss: 0.6243
Epoch 1 | Step 5510 | Loss: 0.6000
Epoch 1 | Step 5520 | Loss: 0.5826
Epoch 1 | Step 5530 | Loss: 0.5339
Epoch 1 | Step 5540 | Loss: 0.5448
Epoch 1 | Step 5550 | Loss: 0.6234
Epoch 1 | Step 5560 | Loss: 0.7602
Epoch 1 | Step 5570 | Loss: 0.6100
Epoch 1 | Step 5580 | Loss: 0.6437
Epoch 1 | Step 5590 | Loss: 0.6172
Epoch 1 | Step 5600 | Loss: 0.6886
Epoch 1 | Step 5610 | Loss: 0.6365
Epoch 1 | Step 5620 | Loss: 0.6459
Epoch 1 | Step 5630 | Loss: 0.7106
Epoch 1 | Step 5640 | Loss: 0.7880
Epoch 1 | Step 5650 | Loss: 0.6065
Epoch 1 | Step 5660 | Loss: 0.8079
Epoch 1 | Step 5670 | Loss: 0.8168
Epoch 1 | Step 5680 | Loss: 0.6624
Epoch 1 | Step 5690 | Loss: 0.7264
Epoch 1 | Step 5700 | Loss: 0.6772
Epoch 1 | Step 5710 | Loss: 0.5997
Epoch 1 | Step 5720 | Loss: 0.6152
Epoch 1 | Step 5730 | Loss: 0.5976
Epoch 1 | Step 5740 | Loss: 0.6531
Epoch 1 | Step 5750 | Loss: 0.8411
Epoch 1 | Step 5760 | Loss: 0.7940
Epoch 1 | Step 5770 | Loss: 0.8481
Epoch 1 | Step 5780 | Loss: 0.8101
Epoch 1 | Step 5790 | Loss: 0.7635
Epoch 1 | Step 5800 | Loss: 0.8025
Epoch 1 | Step 5810 | Loss: 0.6529
Epoch 1 | Step 5820 | Loss: 0.6381
Epoch 1 | Step 5830 | Loss: 0.7279
Epoch 1 | Step 5840 | Loss: 0.7548
Epoch 1 | Step 5850 | Loss: 0.7720
Epoch 1 | Step 5860 | Loss: 0.6806
Epoch 1 | Step 5870 | Loss: 0.6561
Epoch 1 | Step 5880 | Loss: 0.7615
Epoch 1 | Step 5890 | Loss: 0.5739
Epoch 1 | Step 5900 | Loss: 0.6159
Epoch 1 | Step 5910 | Loss: 0.6233
Epoch 1 | Step 5920 | Loss: 0.5485
Epoch 1 | Step 5930 | Loss: 0.6209
Epoch 1 | Step 5940 | Loss: 0.6306
Epoch 1 | Step 5950 | Loss: 0.6546
Epoch 1 | Step 5960 | Loss: 0.5885
Epoch 1 | Step 5970 | Loss: 0.5616
Epoch 1 | Step 5980 | Loss: 0.5659
Epoch 1 | Step 5990 | Loss: 0.6074
Epoch 1 | Step 6000 | Loss: 0.9173
Saving checkpoint to /home/lukezeng/chromatin-state-prediction/playground/checkpoints/enformer_step_6000.pt...
Deleted old checkpoint: enformer_step_3000.pt
Epoch 1 | Step 6010 | Loss: 0.8143
Epoch 1 | Step 6020 | Loss: 0.9349
Epoch 1 | Step 6030 | Loss: 0.7078
Epoch 1 | Step 6040 | Loss: 0.6011
Epoch 1 | Step 6050 | Loss: 0.5750
Epoch 1 | Step 6060 | Loss: 0.6485
Epoch 1 | Step 6070 | Loss: 0.5495
Epoch 1 | Step 6080 | Loss: 0.6084
Epoch 1 | Step 6090 | Loss: 0.6023
Epoch 1 | Step 6100 | Loss: 0.5818
Epoch 1 | Step 6110 | Loss: 0.6215
Epoch 1 | Step 6120 | Loss: 0.6650
Epoch 1 | Step 6130 | Loss: 0.5736
Epoch 1 | Step 6140 | Loss: 0.4661
Epoch 1 | Step 6150 | Loss: 0.5549
Epoch 1 | Step 6160 | Loss: 0.5893
Epoch 1 | Step 6170 | Loss: 0.6483
Epoch 1 | Step 6180 | Loss: 0.5757
Epoch 1 | Step 6190 | Loss: 0.5265
Epoch 1 | Step 6200 | Loss: 0.5966
Epoch 1 | Step 6210 | Loss: 0.5112
Epoch 1 | Step 6220 | Loss: 0.6594
Epoch 1 | Step 6230 | Loss: 0.5475
Epoch 1 | Step 6240 | Loss: 0.6036
Epoch 1 | Step 6250 | Loss: 0.4809
Epoch 1 | Step 6260 | Loss: 0.4836
Epoch 1 | Step 6270 | Loss: 0.5288
Epoch 1 | Step 6280 | Loss: 0.6669
Epoch 1 | Step 6290 | Loss: 0.6323
Epoch 1 | Step 6300 | Loss: 0.4810
Epoch 1 | Step 6310 | Loss: 0.5022
Epoch 1 | Step 6320 | Loss: 0.5497
Epoch 1 | Step 6330 | Loss: 0.5661
Epoch 1 | Step 6340 | Loss: 0.5354
Epoch 1 | Step 6350 | Loss: 0.5141
Epoch 1 | Step 6360 | Loss: 0.6109
Epoch 1 | Step 6370 | Loss: 0.6585
Epoch 1 | Step 6380 | Loss: 0.6048
Epoch 1 | Step 6390 | Loss: 0.6788
Epoch 1 | Step 6400 | Loss: 0.5854
Epoch 1 | Step 6410 | Loss: 0.6467
Epoch 1 | Step 6420 | Loss: 0.8424
Epoch 1 | Step 6430 | Loss: 0.7492
Epoch 1 | Step 6440 | Loss: 0.5618
Epoch 1 | Step 6450 | Loss: 0.6208
Epoch 1 | Step 6460 | Loss: 0.5988
Epoch 1 | Step 6470 | Loss: 0.8286
Epoch 1 | Step 6480 | Loss: 0.7459
Epoch 1 | Step 6490 | Loss: 0.6369
Epoch 1 | Step 6500 | Loss: 0.6416
Epoch 1 | Step 6510 | Loss: 0.6691
Epoch 1 | Step 6520 | Loss: 0.6953
Epoch 1 | Step 6530 | Loss: 0.6322
Epoch 1 | Step 6540 | Loss: 0.6072
Epoch 1 | Step 6550 | Loss: 0.7442
Epoch 1 | Step 6560 | Loss: 0.5780
Epoch 1 | Step 6570 | Loss: 0.5472
Epoch 1 | Step 6580 | Loss: 0.6876
Epoch 1 | Step 6590 | Loss: 0.8394
Epoch 1 | Step 6600 | Loss: 0.5318
Epoch 1 | Step 6610 | Loss: 0.4687
Epoch 1 | Step 6620 | Loss: 0.6860
Epoch 1 | Step 6630 | Loss: 0.5515
Epoch 1 | Step 6640 | Loss: 0.5501
Epoch 1 | Step 6650 | Loss: 0.7856
Epoch 1 | Step 6660 | Loss: 0.4962
Epoch 1 | Step 6670 | Loss: 0.6313
Epoch 1 | Step 6680 | Loss: 0.5006
Epoch 1 | Step 6690 | Loss: 0.4842
Epoch 1 | Step 6700 | Loss: 0.4578
Epoch 1 | Step 6710 | Loss: 0.6208
Epoch 1 | Step 6720 | Loss: 0.4837
Epoch 1 | Step 6730 | Loss: 0.4856
Epoch 1 | Step 6740 | Loss: 0.4501
Epoch 1 | Step 6750 | Loss: 0.5206
Epoch 1 | Step 6760 | Loss: 0.5262
Epoch 1 | Step 6770 | Loss: 0.5329
Epoch 1 | Step 6780 | Loss: 0.6960
Epoch 1 | Step 6790 | Loss: 0.4679
Epoch 1 | Step 6800 | Loss: 0.5098
Epoch 1 | Step 6810 | Loss: 0.6144
Epoch 1 | Step 6820 | Loss: 0.5288
Epoch 1 | Step 6830 | Loss: 0.5127
Epoch 1 | Step 6840 | Loss: 0.5347
Epoch 1 | Step 6850 | Loss: 0.5329
Epoch 1 | Step 6860 | Loss: 0.6269
Epoch 1 | Step 6870 | Loss: 0.5770
Epoch 1 | Step 6880 | Loss: 0.6475
Epoch 1 | Step 6890 | Loss: 0.6517
Epoch 1 | Step 6900 | Loss: 0.4421
Epoch 1 | Step 6910 | Loss: 0.6033
Epoch 1 | Step 6920 | Loss: 0.7061
Epoch 1 | Step 6930 | Loss: 0.5121
Epoch 1 | Step 6940 | Loss: 0.6125
Epoch 1 | Step 6950 | Loss: 0.5562
Epoch 1 | Step 6960 | Loss: 0.5916
Epoch 1 | Step 6970 | Loss: 0.3718
Epoch 1 | Step 6980 | Loss: 0.4786
Epoch 1 | Step 6990 | Loss: 0.5440
Epoch 1 | Step 7000 | Loss: 0.5324
Saving checkpoint to /home/lukezeng/chromatin-state-prediction/playground/checkpoints/enformer_step_7000.pt...
Deleted old checkpoint: enformer_step_4000.pt
Epoch 1 | Step 7010 | Loss: 0.4856
Epoch 1 | Step 7020 | Loss: 0.4707
Epoch 1 | Step 7030 | Loss: 0.5550
Epoch 1 | Step 7040 | Loss: 0.5642
Epoch 1 | Step 7050 | Loss: 0.5980
Epoch 1 | Step 7060 | Loss: 0.5355
Epoch 1 | Step 7070 | Loss: 0.4594
Epoch 1 | Step 7080 | Loss: 0.4749
Epoch 1 | Step 7090 | Loss: 0.4010
Epoch 1 | Step 7100 | Loss: 0.5145
Epoch 1 | Step 7110 | Loss: 0.5446
Epoch 1 | Step 7120 | Loss: 0.4789
Epoch 1 | Step 7130 | Loss: 0.5938
Epoch 1 | Step 7140 | Loss: 0.4588
Epoch 1 | Step 7150 | Loss: 0.4681
Epoch 1 | Step 7160 | Loss: 0.3907
Epoch 1 | Step 7170 | Loss: 0.4353
Epoch 1 | Step 7180 | Loss: 0.5146
Epoch 1 | Step 7190 | Loss: 0.4657
Epoch 1 | Step 7200 | Loss: 0.6132
Epoch 1 | Step 7210 | Loss: 0.5846
Epoch 1 | Step 7220 | Loss: 0.6317
Epoch 1 | Step 7230 | Loss: 0.6970
Epoch 1 | Step 7240 | Loss: 0.6373
Epoch 1 | Step 7250 | Loss: 0.5865
Epoch 1 | Step 7260 | Loss: 0.5837
Epoch 1 | Step 7270 | Loss: 0.6011
Epoch 1 | Step 7280 | Loss: 0.6091
Epoch 1 | Step 7290 | Loss: 0.5732
Epoch 1 | Step 7300 | Loss: 0.4819
Epoch 1 | Step 7310 | Loss: 0.6027
Epoch 1 | Step 7320 | Loss: 0.5727
Epoch 1 | Step 7330 | Loss: 0.5484
Epoch 1 | Step 7340 | Loss: 0.4875
Epoch 1 | Step 7350 | Loss: 0.5816
Epoch 1 | Step 7360 | Loss: 0.5557
Epoch 1 | Step 7370 | Loss: 0.5320
Epoch 1 | Step 7380 | Loss: 0.5664
Epoch 1 | Step 7390 | Loss: 0.5808
Epoch 1 | Step 7400 | Loss: 0.5793
Epoch 1 | Step 7410 | Loss: 0.4709
Epoch 1 | Step 7420 | Loss: 0.5574
Epoch 1 | Step 7430 | Loss: 0.5292
Epoch 1 | Step 7440 | Loss: 0.4590
Epoch 1 | Step 7450 | Loss: 0.6467
Epoch 1 | Step 7460 | Loss: 0.5550
Epoch 1 | Step 7470 | Loss: 0.5236
Epoch 1 | Step 7480 | Loss: 0.5290
Epoch 1 | Step 7490 | Loss: 0.5039
Epoch 1 | Step 7500 | Loss: 0.5658
Epoch 1 | Step 7510 | Loss: 0.6241
Epoch 1 | Step 7520 | Loss: 0.5972
Epoch 1 | Step 7530 | Loss: 0.4830
Epoch 1 | Step 7540 | Loss: 0.5165
Epoch 1 | Step 7550 | Loss: 0.6597
Epoch 1 | Step 7560 | Loss: 0.4952
Epoch 1 | Step 7570 | Loss: 0.4435
Epoch 1 | Step 7580 | Loss: 0.4973
Epoch 1 | Step 7590 | Loss: 0.6066
Epoch 1 | Step 7600 | Loss: 0.6189
Epoch 1 | Step 7610 | Loss: 0.5220
Epoch 1 | Step 7620 | Loss: 0.4934
Epoch 1 | Step 7630 | Loss: 0.5060
Epoch 1 | Step 7640 | Loss: 0.5686
Epoch 1 | Step 7650 | Loss: 0.5500
Epoch 1 | Step 7660 | Loss: 0.6348
Epoch 1 | Step 7670 | Loss: 0.6617
Epoch 1 | Step 7680 | Loss: 0.5193
Epoch 1 | Step 7690 | Loss: 0.5963
Epoch 1 | Step 7700 | Loss: 0.5172
Epoch 1 | Step 7710 | Loss: 0.5160
Epoch 1 | Step 7720 | Loss: 0.5473
Epoch 1 | Step 7730 | Loss: 0.6646
Epoch 1 | Step 7740 | Loss: 0.5998
Epoch 1 | Step 7750 | Loss: 0.6198
Epoch 1 | Step 7760 | Loss: 0.4668
Epoch 1 | Step 7770 | Loss: 0.6208
Epoch 1 | Step 7780 | Loss: 0.5112
Epoch 1 | Step 7790 | Loss: 0.5900
Epoch 1 | Step 7800 | Loss: 0.4869
Epoch 1 | Step 7810 | Loss: 0.6071
Epoch 1 | Step 7820 | Loss: 0.7216
Epoch 1 | Step 7830 | Loss: 0.6068
Epoch 1 | Step 7840 | Loss: 0.4835
Epoch 1 | Step 7850 | Loss: 0.5511
Epoch 1 | Step 7860 | Loss: 0.5523
Epoch 1 | Step 7870 | Loss: 0.4872
Epoch 1 | Step 7880 | Loss: 0.5050
Epoch 1 | Step 7890 | Loss: 0.7061
Epoch 1 | Step 7900 | Loss: 0.5572
Epoch 1 | Step 7910 | Loss: 0.5837
Epoch 1 | Step 7920 | Loss: 0.6213
Epoch 1 | Step 7930 | Loss: 0.5575
Epoch 1 | Step 7940 | Loss: 0.5277
Epoch 1 | Step 7950 | Loss: 0.5172
Epoch 1 | Step 7960 | Loss: 0.5274
Epoch 1 | Step 7970 | Loss: 0.5718
Epoch 1 | Step 7980 | Loss: 0.5188
Epoch 1 | Step 7990 | Loss: 0.5547
Epoch 1 | Step 8000 | Loss: 0.6482
Saving checkpoint to /home/lukezeng/chromatin-state-prediction/playground/checkpoints/enformer_step_8000.pt...
Deleted old checkpoint: enformer_step_5000.pt
Epoch 1 | Step 8010 | Loss: 0.4437
Epoch 1 | Step 8020 | Loss: 0.5464
Epoch 1 | Step 8030 | Loss: 0.4925
Epoch 1 | Step 8040 | Loss: 0.5092
Epoch 1 | Step 8050 | Loss: 0.6356
Epoch 1 | Step 8060 | Loss: 0.4916
Epoch 1 | Step 8070 | Loss: 0.6204
Epoch 1 | Step 8080 | Loss: 0.5872
Epoch 1 | Step 8090 | Loss: 0.7027
Epoch 1 | Step 8100 | Loss: 0.5772
Epoch 1 | Step 8110 | Loss: 0.5047
Epoch 1 | Step 8120 | Loss: 0.5905
Epoch 1 | Step 8130 | Loss: 0.5643
Epoch 1 | Step 8140 | Loss: 0.5242
Epoch 1 | Step 8150 | Loss: 0.6841
Epoch 1 | Step 8160 | Loss: 0.6724
Epoch 1 | Step 8170 | Loss: 0.7648
Epoch 1 | Step 8180 | Loss: 0.6243
Epoch 1 | Step 8190 | Loss: 0.6242
Epoch 1 | Step 8200 | Loss: 0.6584
Epoch 1 | Step 8210 | Loss: 0.5426
Epoch 1 | Step 8220 | Loss: 0.5265
Epoch 1 | Step 8230 | Loss: 0.4897
Epoch 1 | Step 8240 | Loss: 0.5501
Epoch 1 | Step 8250 | Loss: 0.4231
Epoch 1 | Step 8260 | Loss: 0.5351
Epoch 1 | Step 8270 | Loss: 0.5295
Epoch 1 | Step 8280 | Loss: 0.5070
Epoch 1 | Step 8290 | Loss: 0.5946
Epoch 1 | Step 8300 | Loss: 0.6371
Epoch 1 | Step 8310 | Loss: 0.7841
Epoch 1 | Step 8320 | Loss: 0.5602
Epoch 1 | Step 8330 | Loss: 0.5584
Epoch 1 | Step 8340 | Loss: 0.7614
Epoch 1 | Step 8350 | Loss: 0.8111
Epoch 1 | Step 8360 | Loss: 0.6181
Epoch 1 | Step 8370 | Loss: 0.5703
Epoch 1 | Step 8380 | Loss: 0.6404
Epoch 1 | Step 8390 | Loss: 0.6087
Epoch 1 | Step 8400 | Loss: 0.5233
Epoch 1 | Step 8410 | Loss: 0.6025
Epoch 1 | Step 8420 | Loss: 0.6722
Epoch 1 | Step 8430 | Loss: 0.6113
Epoch 1 | Step 8440 | Loss: 0.6041
Epoch 1 | Step 8450 | Loss: 0.4995
Epoch 1 | Step 8460 | Loss: 0.5271
Epoch 1 | Step 8470 | Loss: 0.5231
Epoch 1 | Step 8480 | Loss: 0.5392
Epoch 1 | Step 8490 | Loss: 0.5747
Epoch 1 | Step 8500 | Loss: 0.5940
Training complete.--- Epoch 1 Validation Loss: 1.8482 ---Training complete.


Training complete.
Model saved to /home/lukezeng/chromatin-state-prediction/playground/enformer_finetuned.pt
Training complete.
